// Jest Snapshot v1, https://goo.gl/fbAQLP

exports[`Converter Should match snapshot 1`] = `"<div class=\\"styled__StTablo-sc-1dxfj2m-0 fuzSsk\\"></div>"`;
