// Jest Snapshot v1, https://goo.gl/fbAQLP

exports[`Loader Should match snapshot 1`] = `"<div class=\\"loader\\"><div class=\\"loading\\"><p>loading</p><span></span></div></div>"`;
