// Jest Snapshot v1, https://goo.gl/fbAQLP

exports[`App Should match snapshot 1`] = `"<div class=\\"app\\"><header class=\\"header\\"><h1>Movies</h1><button class=\\"custom__button\\">add Movie</button><div class=\\"modal hide\\"><div class=\\"modal__content\\"><div class=\\"content__header\\"><h3>Add new film in collection</h3><button class=\\"custom__button\\">X</button></div><div class=\\"content__body\\"><input type=\\"text\\" autoComplete=\\"off\\" placeholder=\\"enter title here\\" value=\\"\\" name=\\"title\\"/><input type=\\"text\\" autoComplete=\\"off\\" placeholder=\\"enter cover here\\" value=\\"\\" name=\\"cover\\"/><input type=\\"text\\" autoComplete=\\"off\\" placeholder=\\"enter description here\\" value=\\"\\" name=\\"description\\"/><button disabled=\\"\\" class=\\"movie__add\\">Add movie</button></div></div></div></header><div class=\\"movies\\"></div><footer class=\\"footer\\"><h3>Movies made by:<a href=\\"https://t.me/Skripnik2201\\" target=\\"_blank\\" rel=\\"noreferrer\\">@Skripnik2201</a></h3></footer><div class=\\"notification-container notification-container-empty\\"><div></div></div></div>"`;
