// Jest Snapshot v1, https://goo.gl/fbAQLP

exports[`Title Should match snapshot 1`] = `"<div class=\\"movie__header\\"><h5 name=\\"title\\">someTitle</h5><button class=\\"custom__button\\">X</button></div>"`;
