// Jest Snapshot v1, https://goo.gl/fbAQLP

exports[`Cover Should match snapshot 1`] = `"<img src=\\"someCover\\" name=\\"cover\\"/>"`;
