// Jest Snapshot v1, https://goo.gl/fbAQLP

exports[`Header Should match snapshot 1`] = `"<header class=\\"header\\"><h1>React practice</h1></header>"`;
