// Jest Snapshot v1, https://goo.gl/fbAQLP

exports[`Modal Should match snapshot 1`] = `"<div class=\\"modal hide\\"><div class=\\"modal__content\\"><div class=\\"content__header\\"><h3></h3><button class=\\"custom__button\\">X</button></div><div class=\\"content__body\\"><input type=\\"text\\" autoComplete=\\"off\\" placeholder=\\"enter title here\\" value=\\"\\" name=\\"title\\"/><input type=\\"text\\" autoComplete=\\"off\\" placeholder=\\"enter cover here\\" value=\\"\\" name=\\"cover\\"/><input type=\\"text\\" autoComplete=\\"off\\" placeholder=\\"enter description here\\" value=\\"\\" name=\\"description\\"/><button disabled=\\"\\" class=\\"movie__add\\">Add movie</button></div></div></div>"`;
