// Jest Snapshot v1, https://goo.gl/fbAQLP

exports[`Movies Should match snapshot 1`] = `"<div class=\\"movies\\"></div>"`;
