// Jest Snapshot v1, https://goo.gl/fbAQLP

exports[`Button Should match snapshot 1`] = `"<div class=\\"styled__StAppDiv-sc-7r44pg-0 gzsdRD\\"><div class=\\"styled__StHeader-zzrvsn-0 fMlHVa\\"><h1>Converter</h1><div class=\\"styled__StControl-sc-13jhp11-0 hMnvOa\\"><h1>Change converter to</h1><button id=\\"lengths\\" name=\\"converter_Lengths\\" type=\\"button\\" disabled=\\"\\" height=\\"50px\\" width=\\"100px\\" class=\\"styled__StButton-sc-1a6hck8-0 kBWHlo\\">Length</button><h1>Or</h1><button id=\\"curency\\" name=\\"converter_Currency\\" type=\\"button\\" height=\\"50px\\" width=\\"100px\\" class=\\"styled__StButton-sc-1a6hck8-0 kBWHlo\\">Currency</button><button id=\\"modal_btn\\" name=\\"modal_btn\\" type=\\"button\\" height=\\"50px\\" width=\\"100px\\" class=\\"styled__StButton-sc-1a6hck8-0 kBWHlo\\">Show All Results</button></div></div><div class=\\"styled__StConverter-ljip47-0 iQrdBt\\"><div class=\\"styled__StFormDiv-sc-1xa63f-0 ejFTTT\\"><div class=\\"styled__StTablo-sc-1dxfj2m-0 fuzSsk\\"></div><div class=\\"styled__StConvertControl-sc-19u337l-0 kJUHeb\\"><div class=\\"styled__StDropDownsControl-sc-19u337l-1 eyBSTn\\"><select width=\\"60%\\" class=\\"styled__StSelect-sc-1k7m7de-0 cJrwdK\\"><option id=\\"trueMETERS\\" value=\\"meters\\" class=\\"styled__StOption-sc-1k7m7de-1 chqcFP\\">METERS</option><option id=\\"trueVERSTS\\" value=\\"versts\\" class=\\"styled__StOption-sc-1k7m7de-1 chqcFP\\">VERSTS</option><option id=\\"trueMILES\\" value=\\"miles\\" class=\\"styled__StOption-sc-1k7m7de-1 chqcFP\\">MILES</option><option id=\\"trueFOOTS\\" value=\\"foots\\" class=\\"styled__StOption-sc-1k7m7de-1 chqcFP\\">FOOTS</option><option id=\\"trueYARDS\\" value=\\"yards\\" class=\\"styled__StOption-sc-1k7m7de-1 chqcFP\\">YARDS</option>;</select><p>TO</p><select width=\\"60%\\" class=\\"styled__StSelect-sc-1k7m7de-0 cJrwdK\\"><option id=\\"trueMETERS\\" value=\\"meters\\" class=\\"styled__StOption-sc-1k7m7de-1 chqcFP\\">METERS</option><option id=\\"trueVERSTS\\" value=\\"versts\\" class=\\"styled__StOption-sc-1k7m7de-1 chqcFP\\">VERSTS</option><option id=\\"trueMILES\\" value=\\"miles\\" class=\\"styled__StOption-sc-1k7m7de-1 chqcFP\\">MILES</option><option id=\\"trueFOOTS\\" value=\\"foots\\" class=\\"styled__StOption-sc-1k7m7de-1 chqcFP\\">FOOTS</option><option id=\\"trueYARDS\\" value=\\"yards\\" class=\\"styled__StOption-sc-1k7m7de-1 chqcFP\\">YARDS</option>;</select></div><div width=\\"90%\\" class=\\"styled__StInputContainer-w3ykst-3 bwsXTy\\"><input type=\\"text\\" id=\\"convertControlPanelInput\\" value=\\"\\" placeholder=\\"Enter your param\\" class=\\"styled__StInput-w3ykst-1 xGBPx\\"/></div><span class=\\"styled__StSpan-sc-19u337l-2 iDQTBr\\"></span><button id=\\"controllButton\\" type=\\"button\\" class=\\"styled__StButton-sc-1a6hck8-0 cqrnfx\\">Convert</button></div></div></div></div>"`;
