// Jest Snapshot v1, https://goo.gl/fbAQLP

exports[`Converter Should match snapshot 1`] = `"<div class=\\"styled__StConvertControl-sc-19u337l-0 kJUHeb\\"><div class=\\"styled__StDropDownsControl-sc-19u337l-1 eyBSTn\\"><select width=\\"60%\\" class=\\"styled__StSelect-sc-1k7m7de-0 cJrwdK\\"><option id=\\"trueUAH\\" value=\\"uah\\" class=\\"styled__StOption-sc-1k7m7de-1 chqcFP\\">UAH</option>;</select><p>TO</p><select width=\\"60%\\" class=\\"styled__StSelect-sc-1k7m7de-0 cJrwdK\\"><option id=\\"trueEUR\\" value=\\"eur\\" class=\\"styled__StOption-sc-1k7m7de-1 chqcFP\\">EUR</option><option id=\\"trueUSD\\" value=\\"usd\\" class=\\"styled__StOption-sc-1k7m7de-1 chqcFP\\">USD</option><option id=\\"trueRUB\\" value=\\"rub\\" class=\\"styled__StOption-sc-1k7m7de-1 chqcFP\\">RUB</option>;</select></div><div width=\\"90%\\" class=\\"styled__StInputContainer-w3ykst-3 bwsXTy\\"><input type=\\"text\\" id=\\"convertControlPanelInput\\" placeholder=\\"Enter your param\\" class=\\"styled__StInput-w3ykst-1 xGBPx\\"/></div><span class=\\"styled__StSpan-sc-19u337l-2 iDQTBr\\"></span><button id=\\"controllButton\\" type=\\"button\\" class=\\"styled__StButton-sc-1a6hck8-0 cqrnfx\\">Convert</button></div>"`;
