// Jest Snapshot v1, https://goo.gl/fbAQLP

exports[`Footer Should match snapshot 1`] = `"<footer class=\\"footer\\"><h3>Movies made by:<a href=\\"https://t.me/Skripnik2201\\" target=\\"_blank\\" rel=\\"noreferrer\\">@Skripnik2201</a></h3></footer>"`;
