// Jest Snapshot v1, https://goo.gl/fbAQLP

exports[`App Should match snapshot 1`] = `"<div class=\\"app-light\\"><header class=\\"header\\"><h1>React Timer</h1><button>â˜€</button></header><div class=\\"main\\"><div class=\\"timer\\"><p class=\\"timer__tablo\\">00:00:00</p><div class=\\"timer__controll-set\\"><input type=\\"text\\" placeholder=\\"Enter time for Timer in sec\\" value=\\"\\"/><button disabled=\\"\\">Set</button></div><div class=\\"timer__controll-operations\\"><button disabled=\\"\\">Stop</button><button disabled=\\"\\">Start</button><button disabled=\\"\\">Reset</button></div><div class=\\"notification-container notification-container-empty\\"><div></div></div></div></div><header class=\\"footer\\"><h3>React Timer made by:  <a href=\\"https://t.me/Skripnik2201\\" target=\\"_blank\\">@Skripnik2201</a></h3></header></div>"`;
