// Jest Snapshot v1, https://goo.gl/fbAQLP

exports[`Header Should match snapshot 1`] = `"<header class=\\"header\\"><h1>React Timer</h1><button></button></header>"`;
